// Jest Snapshot v1, https://goo.gl/fbAQLP

exports[`renders Paragraph 1`] = `
<p>
  A paragraph
</p>
`;
