// Jest Snapshot v1, https://goo.gl/fbAQLP

exports[`renders Button without Paragraph 1`] = `
<button
  onClick={[Function]}
>
  meh
  <Component />
</button>
`;
